
> ai4s-smart-hr@1.0.0 build
> next build

   Γû▓ Next.js 15.5.12
   - Environments: .env.local

   Creating an optimized production build ...
 Γ£ô Compiled successfully in 8.7s
   Linting and checking validity of types ...
node.exe :  Γ¿» ESLint: Converting 
circular structure to JSON     --> 
starting at object with constructor 
'Object'     |     property 
'configs' -> object with constructor 
'Object'     |     property 'flat' 
-> object with constructor 'Object'  
   |     ...     |     property 
'plugins' -> object with constructor 
'Object'     --- property 'react' 
closes the circle Referenced from: 
D:\AntiGravity\AI4S Smart 
HR\.eslintrc.json
At C:\Program 
Files\nodejs\npm.ps1:29 char:3
+   & $NODE_EXE $NPM_CLI_JS $args
+   ~~~~~~~~~~~~~~~~~~~~~~~~~~~~~
    + CategoryInfo          : NotSpe 
   cified: ( Γ¿» ESLint: Co...\.esl  
  intrc.json:String) [], RemoteExc   
 eption
    + FullyQualifiedErrorId : Native 
   CommandError
 
   Collecting page data ...
   Generating static pages (0/27) ...
   Generating static pages (6/27) 
   Generating static pages (13/27) 
   Generating static pages (20/27) 
 Γ£ô Generating static pages (27/27)
   Finalizing page optimization ...
   Collecting build traces ...

Route (app)                                 Size  First Load JS
Γöî Γùï /                                      430 B         170 kB
Γö£ Γùï /_not-found                             1 kB         103 kB
Γö£ ╞Æ /api/admin/create-user                 136 B         102 kB
Γö£ ╞Æ /api/admin/delete-user                 136 B         102 kB
Γö£ ╞Æ /api/admin/reset-password              136 B         102 kB
Γö£ Γùï /dashboard/admin                     2.47 kB         183 kB
Γö£ Γùï /dashboard/approvals                 1.83 kB         183 kB
Γö£ Γùï /dashboard/attendance                 150 kB         331 kB
Γö£ Γùï /dashboard/audit                     3.47 kB         184 kB
Γö£ Γùï /dashboard/employee                  5.43 kB         186 kB
Γö£ Γùï /dashboard/employees                 7.84 kB         189 kB
Γö£ Γùï /dashboard/feedback                  2.93 kB         184 kB
Γö£ Γùï /dashboard/hr                        7.95 kB         288 kB
Γö£ Γùï /dashboard/interviews                4.46 kB         185 kB
Γö£ Γùï /dashboard/leaves                    4.31 kB         185 kB
Γö£ Γùï /dashboard/loans                     2.63 kB         183 kB
Γö£ Γùï /dashboard/manager                   3.46 kB         184 kB
Γö£ Γùï /dashboard/okr                       1.84 kB         183 kB
Γö£ Γùï /dashboard/payroll                   6.25 kB         187 kB
Γö£ Γùï /dashboard/profile                   2.17 kB         183 kB
Γö£ Γùï /dashboard/roles                     9.36 kB         190 kB
Γö£ Γùï /dashboard/security                  3.36 kB         184 kB
Γö£ Γùï /dashboard/settings                    531 B         181 kB
Γö£ Γùï /dashboard/superadmin                11.1 kB         291 kB
Γöö Γùï /login                               5.19 kB         175 kB
+ First Load JS shared by all             102 kB
  Γö£ chunks/1255-ad409e5887c155b0.js      45.7 kB
  Γö£ chunks/4bd1b696-100b9d70ed4e49c1.js  54.2 kB
  Γöö other shared chunks (total)          2.28 kB


Γùï  (Static)   prerendered as static content
╞Æ  (Dynamic)  server-rendered on demand

